[+] Containers:
 |- [+] Container: /Game/FirstPerson/Maps/FirstPersonMap
 |   |- [+] ActorDescs:
 |   |   |- Guid:02E63A5040487CE881711BA52492AC66 BaseClass: NativeClass:/Script/Engine.VolumetricCloud Name:VolumetricCloud_UAID_047C16ED970DB55502_1500008130 Label:VolumetricCloud2 SpatiallyLoaded:0 Bounds:IsValid=true, Min=(X=0.000 Y=0.000 Z=820.000), Max=(X=0.000 Y=0.000 Z=820.000) RuntimeGrid:None EditorOnly:0 RuntimeOnly:0 HLODRelevant:0 ListedInSceneOutliner:1 IsMainWorldOnly:0 FolderPath:Lighting FolderGuid:0BA5F0A04EADB18E70D5B180D08FA34B
 |   |   |- Guid:05AF6797443DC4B0FEDB86AFE4A8033B BaseClass: NativeClass:/Script/Engine.StaticMeshActor Name:StaticMeshActor_UAID_047C16ED970DF65702_1840186692 Label:road_no-gay26 SpatiallyLoaded:1 Bounds:IsValid=true, Min=(X=2536.428 Y=-4857.705 Z=-51.764), Max=(X=3432.000 Y=-4163.781 Z=14.754) RuntimeGrid:None EditorOnly:0 RuntimeOnly:0 HLODRelevant:1 ListedInSceneOutliner:1 IsMainWorldOnly:0
 |   |   |- Guid:08AD96E1429E295B104B61ABE5694CCF BaseClass: NativeClass:/Script/Engine.StaticMeshActor Name:StaticMeshActor_UAID_047C16ED970DF65702_1351114673 Label:road_X1 SpatiallyLoaded:1 Bounds:IsValid=true, Min=(X=3396.952 Y=4598.563 Z=-51.764), Max=(X=5880.000 Y=7082.719 Z=14.754) RuntimeGrid:None EditorOnly:0 RuntimeOnly:0 HLODRelevant:1 ListedInSceneOutliner:1 IsMainWorldOnly:0
 |   |   |- Guid:0FB467F143771270E39E4FAC11AC2623 BaseClass: NativeClass:/Script/Engine.StaticMeshActor Name:StaticMeshActor_UAID_047C16ED970DF65702_1840183684 Label:road_no-gay19 SpatiallyLoaded:1 Bounds:IsValid=true, Min=(X=-1683.705 Y=-652.000 Z=-51.764), Max=(X=-989.781 Y=243.572 Z=14.754) RuntimeGrid:None EditorOnly:0 RuntimeOnly:0 HLODRelevant:1 ListedInSceneOutliner:1 IsMainWorldOnly:0
 |   |   |- Guid:1E7E702749A8CEE7D8BE689849843344 BaseClass: NativeClass:/Script/Engine.StaticMeshActor Name:StaticMeshActor_UAID_047C16ED970DF65702_1840184688 Label:road_X3 SpatiallyLoaded:1 Bounds:IsValid=true, Min=(X=-2578.000 Y=-5754.719 Z=-51.764), Max=(X=-94.952 Y=-3270.563 Z=14.754) RuntimeGrid:None EditorOnly:0 RuntimeOnly:0 HLODRelevant:1 ListedInSceneOutliner:1 IsMainWorldOnly:0
 |   |   |- Guid:211F3C954F4ED28111E7F399E151F4E1 BaseClass: NativeClass:/Script/Engine.StaticMeshActor Name:StaticMeshActor_UAID_047C16ED970DF65702_1840184691 Label:road_no-gay25 SpatiallyLoaded:1 Bounds:IsValid=true, Min=(X=1646.428 Y=-4857.705 Z=-51.764), Max=(X=2542.000 Y=-4163.781 Z=14.754) RuntimeGrid:None EditorOnly:0 RuntimeOnly:0 HLODRelevant:1 ListedInSceneOutliner:1 IsMainWorldOnly:0
 |   |   |- Guid:2EA28C684612BA0E9E082D8C1310B70B BaseClass: NativeClass:/Script/Engine.StaticMeshActor Name:StaticMeshActor_UAID_047C16ED970DF65702_1307345667 Label:road_no-gay5 SpatiallyLoaded:1 Bounds:IsValid=true, Min=(X=4291.781 Y=204.429 Z=-51.764), Max=(X=4985.705 Y=1100.000 Z=14.754) RuntimeGrid:None EditorOnly:0 RuntimeOnly:0 HLODRelevant:1 ListedInSceneOutliner:1 IsMainWorldOnly:0
 |   |   |- Guid:310196BC48FC65FC79ABE2B184801C12 BaseClass: NativeClass:/Script/Engine.StaticMeshActor Name:StaticMeshActor_UAID_047C16ED970DF65702_1840181683 Label:road_no-gay18 SpatiallyLoaded:1 Bounds:IsValid=true, Min=(X=-1683.705 Y=228.000 Z=-51.764), Max=(X=-989.781 Y=1123.572 Z=14.754) RuntimeGrid:None EditorOnly:0 RuntimeOnly:0 HLODRelevant:1 ListedInSceneOutliner:1 IsMainWorldOnly:0
 |   |   |- Guid:323D2F454EE3631A3C60DBA7F9B3AD8E BaseClass: NativeClass:/Script/Engine.StaticMeshActor Name:StaticMeshActor_UAID_047C16ED970DF65702_1840184690 Label:road_no-gay24 SpatiallyLoaded:1 Bounds:IsValid=true, Min=(X=766.428 Y=-4857.705 Z=-51.764), Max=(X=1662.000 Y=-4163.781 Z=14.754) RuntimeGrid:None EditorOnly:0 RuntimeOnly:0 HLODRelevant:1 ListedInSceneOutliner:1 IsMainWorldOnly:0
 |   |   |- Guid:39C2B120428B64A8642B8B895AE6FEBC BaseClass: NativeClass:/Script/Engine.StaticMeshActor Name:StaticMeshActor_UAID_047C16ED970DF65702_1597835678 Label:road_X2 SpatiallyLoaded:1 Bounds:IsValid=true, Min=(X=-2582.048 Y=4597.563 Z=-51.764), Max=(X=-99.000 Y=7081.719 Z=14.754) RuntimeGrid:None EditorOnly:0 RuntimeOnly:0 HLODRelevant:1 ListedInSceneOutliner:1 IsMainWorldOnly:0
 |   |   |- Guid:3C8BB1BD49534BB67A505FA2CF88C6C3 BaseClass: NativeClass:/Script/Engine.StaticMeshActor Name:StaticMeshActor_UAID_047C16ED970DF65702_1840183685 Label:road_no-gay20 SpatiallyLoaded:1 Bounds:IsValid=true, Min=(X=-1683.705 Y=-1532.000 Z=-51.764), Max=(X=-989.781 Y=-636.428 Z=14.754) RuntimeGrid:None EditorOnly:0 RuntimeOnly:0 HLODRelevant:1 ListedInSceneOutliner:1 IsMainWorldOnly:0
 |   |   |- Guid:4435BCE24C8CD0FD3581D895679DBABF BaseClass: NativeClass:/Script/Engine.StaticMeshActor Name:StaticMeshActor_UAID_047C16ED970DF65702_1261194664 Label:road_no-gay2 SpatiallyLoaded:1 Bounds:IsValid=true, Min=(X=4291.781 Y=-2425.571 Z=-51.764), Max=(X=4985.705 Y=-1530.000 Z=14.754) RuntimeGrid:None EditorOnly:0 RuntimeOnly:0 HLODRelevant:1 ListedInSceneOutliner:1 IsMainWorldOnly:0
 |   |   |- Guid:4B0AEA8F42B47FEA89ED99AF388F116D BaseClass: NativeClass:/Script/Engine.StaticMeshActor Name:StaticMeshActor_UAID_047C16ED970DB55502_1500016138 Label:Plane2 SpatiallyLoaded:1 Bounds:IsValid=true, Min=(X=-6872.500 Y=-10035.000 Z=-50.000), Max=(X=8052.500 Y=10815.000 Z=-50.000) RuntimeGrid:None EditorOnly:0 RuntimeOnly:0 HLODRelevant:1 ListedInSceneOutliner:1 IsMainWorldOnly:0
 |   |   |- Guid:4F9F4CC44BE94E9B9BAB2899839CC5AE BaseClass: NativeClass:/Script/Engine.StaticMeshActor Name:StaticMeshActor_UAID_047C16ED970DF65702_1307348669 Label:road_no-gay7 SpatiallyLoaded:1 Bounds:IsValid=true, Min=(X=4291.781 Y=1964.429 Z=-51.764), Max=(X=4985.705 Y=2860.000 Z=14.754) RuntimeGrid:None EditorOnly:0 RuntimeOnly:0 HLODRelevant:1 ListedInSceneOutliner:1 IsMainWorldOnly:0
 |   |   |- Guid:4FF354564FFBC86671573CBCA732A340 BaseClass: NativeClass:/Script/Engine.StaticMeshActor Name:StaticMeshActor_UAID_047C16ED970DF65702_1840186693 Label:road_X4 SpatiallyLoaded:1 Bounds:IsValid=true, Min=(X=3401.000 Y=-5753.719 Z=-51.764), Max=(X=5884.048 Y=-3269.563 Z=14.754) RuntimeGrid:None EditorOnly:0 RuntimeOnly:0 HLODRelevant:1 ListedInSceneOutliner:1 IsMainWorldOnly:0
 |   |   |- Guid:529F7E2049DC8D3DCC82D497ED919572 BaseClass: NativeClass:/Script/Engine.StaticMeshActor Name:StaticMeshActor_UAID_047C16ED970DF65702_1466876676 Label:road_no-gay12 SpatiallyLoaded:1 Bounds:IsValid=true, Min=(X=760.000 Y=5491.781 Z=-51.764), Max=(X=1655.572 Y=6185.705 Z=14.754) RuntimeGrid:None EditorOnly:0 RuntimeOnly:0 HLODRelevant:1 ListedInSceneOutliner:1 IsMainWorldOnly:0
 |   |   |- Guid:575D4D8F4FC98B4BBC6F62A61BD607EF BaseClass: NativeClass:/Script/Engine.PostProcessVolume Name:PostProcessVolume_UAID_047C16ED970DB55502_1500016137 Label:PostProcessVolume2 SpatiallyLoaded:0 Bounds:IsValid=true, Min=(X=0.000 Y=0.000 Z=400.000), Max=(X=200.000 Y=200.000 Z=600.000) RuntimeGrid:None EditorOnly:0 RuntimeOnly:0 HLODRelevant:0 ListedInSceneOutliner:1 IsMainWorldOnly:0 FolderPath:Lighting FolderGuid:0BA5F0A04EADB18E70D5B180D08FA34B
 |   |   |- Guid:589C811E43764DACF271FA85D318BF14 BaseClass: NativeClass:/Script/Engine.StaticMeshActor Name:StaticMeshActor_UAID_047C16ED970DF65702_1840181682 Label:road_no-gay17 SpatiallyLoaded:1 Bounds:IsValid=true, Min=(X=-1683.705 Y=1098.000 Z=-51.764), Max=(X=-989.781 Y=1993.572 Z=14.754) RuntimeGrid:None EditorOnly:0 RuntimeOnly:0 HLODRelevant:1 ListedInSceneOutliner:1 IsMainWorldOnly:0
 |   |   |- Guid:5DE00DD74C2D1CFBFFD536A329B092FD BaseClass: NativeClass:/Script/Engine.Actor Name:ChaosDebugDrawActor_UAID_047C16ED970DB55502_1500006128 Label:Actor2 SpatiallyLoaded:1 Bounds:Invalid RuntimeGrid:None EditorOnly:0 RuntimeOnly:0 HLODRelevant:0 ListedInSceneOutliner:0 IsMainWorldOnly:0
 |   |   |- Guid:5FE7584649BB6F09265329A6C57CFD0D BaseClass: NativeClass:/Script/Engine.VolumetricCloud Name:VolumetricCloud_0 Label:VolumetricCloud SpatiallyLoaded:0 Bounds:IsValid=true, Min=(X=0.000 Y=0.000 Z=820.000), Max=(X=0.000 Y=0.000 Z=820.000) RuntimeGrid:None EditorOnly:0 RuntimeOnly:0 HLODRelevant:0 ListedInSceneOutliner:1 IsMainWorldOnly:0 FolderPath:Lighting FolderGuid:0BA5F0A04EADB18E70D5B180D08FA34B
 |   |   |- Guid:61391D344900612A77DFC3BA3E354907 BaseClass: NativeClass:/Script/Engine.ExponentialHeightFog Name:ExponentialHeightFog_0 Label:ExponentialHeightFog SpatiallyLoaded:0 Bounds:IsValid=true, Min=(X=-5600.000 Y=-50.000 Z=-12500.000), Max=(X=-5600.000 Y=-50.000 Z=-12500.000) RuntimeGrid:None EditorOnly:0 RuntimeOnly:0 HLODRelevant:0 ListedInSceneOutliner:1 IsMainWorldOnly:0 FolderPath:Lighting FolderGuid:0BA5F0A04EADB18E70D5B180D08FA34B
 |   |   |- Guid:68FC0E4548D06625B746AF8204B2364F BaseClass: NativeClass:/Script/Engine.SkyAtmosphere Name:SkyAtmosphere_UAID_047C16ED970DB55502_1500014135 Label:SkyAtmosphere2 SpatiallyLoaded:0 Bounds:IsValid=true, Min=(X=0.000 Y=0.000 Z=1020.000), Max=(X=0.000 Y=0.000 Z=1020.000) RuntimeGrid:None EditorOnly:0 RuntimeOnly:0 HLODRelevant:0 ListedInSceneOutliner:1 IsMainWorldOnly:0 FolderPath:Lighting FolderGuid:0BA5F0A04EADB18E70D5B180D08FA34B
 |   |   |- Guid:6DEEE967488563F1317155B9C228BF10 BaseClass: NativeClass:/Script/Engine.StaticMeshActor Name:StaticMeshActor_UAID_047C16ED970DF65702_1466875674 Label:road_no-gay10 SpatiallyLoaded:1 Bounds:IsValid=true, Min=(X=2520.000 Y=5491.781 Z=-51.764), Max=(X=3415.572 Y=6185.705 Z=14.754) RuntimeGrid:None EditorOnly:0 RuntimeOnly:0 HLODRelevant:1 ListedInSceneOutliner:1 IsMainWorldOnly:0
 |   |   |- Guid:6DEF477F4D6E67A3AC225986300C9F9D BaseClass: NativeClass:/Script/Engine.StaticMeshActor Name:StaticMeshActor_UAID_047C16ED970DF65702_1840181681 Label:road_no-gay16 SpatiallyLoaded:1 Bounds:IsValid=true, Min=(X=-1683.705 Y=1978.000 Z=-51.764), Max=(X=-989.781 Y=2873.572 Z=14.754) RuntimeGrid:None EditorOnly:0 RuntimeOnly:0 HLODRelevant:1 ListedInSceneOutliner:1 IsMainWorldOnly:0
 |   |   |- Guid:6FEFB3BD4EB37B849EF0D4AC80F83855 BaseClass: NativeClass:/Script/Engine.WorldDataLayers Name:WorldDataLayers Label:WorldDataLayers SpatiallyLoaded:0 Bounds:Invalid RuntimeGrid:None EditorOnly:0 RuntimeOnly:0 HLODRelevant:0 ListedInSceneOutliner:1 IsMainWorldOnly:1
 |   |   |- Guid:751B4E384D233A4339AAE88449405E68 BaseClass: NativeClass:/Script/Engine.StaticMeshActor Name:StaticMeshActor_UAID_047C16ED970DF65702_1840181680 Label:road_no-gay15 SpatiallyLoaded:1 Bounds:IsValid=true, Min=(X=-1683.705 Y=2858.000 Z=-51.764), Max=(X=-989.781 Y=3753.572 Z=14.754) RuntimeGrid:None EditorOnly:0 RuntimeOnly:0 HLODRelevant:1 ListedInSceneOutliner:1 IsMainWorldOnly:0
 |   |   |- Guid:7635FE884E39B46749988492604F7EED BaseClass: NativeClass:/Script/Engine.SkyLight Name:SkyLight_UAID_047C16ED970DB55502_1500011133 Label:SkyLight2 SpatiallyLoaded:0 Bounds:IsValid=true, Min=(X=0.000 Y=0.000 Z=690.000), Max=(X=0.000 Y=0.000 Z=690.000) RuntimeGrid:None EditorOnly:0 RuntimeOnly:0 HLODRelevant:0 ListedInSceneOutliner:1 IsMainWorldOnly:0 FolderPath:Lighting FolderGuid:0BA5F0A04EADB18E70D5B180D08FA34B
 |   |   |- Guid:81B4487D43E2D62A6963FDAA46E064EA BaseClass: NativeClass:/Script/Engine.StaticMeshActor Name:StaticMeshActor_UAID_047C16ED970DF65702_1840183686 Label:road_no-gay21 SpatiallyLoaded:1 Bounds:IsValid=true, Min=(X=-1683.705 Y=-2412.000 Z=-51.764), Max=(X=-989.781 Y=-1516.428 Z=14.754) RuntimeGrid:None EditorOnly:0 RuntimeOnly:0 HLODRelevant:1 ListedInSceneOutliner:1 IsMainWorldOnly:0
 |   |   |- Guid:841B11FF44F6F23695BF9FAB4D71E801 BaseClass: NativeClass:/Script/NavigationSystem.RecastNavMesh Name:RecastNavMesh_UAID_2CF05DE454A0AD5602-Default Label:RecastNavMesh-Default SpatiallyLoaded:0 Bounds:IsValid=true, Min=(X=0.000 Y=0.000 Z=0.000), Max=(X=0.000 Y=0.000 Z=0.000) RuntimeGrid:None EditorOnly:0 RuntimeOnly:0 HLODRelevant:0 ListedInSceneOutliner:1 IsMainWorldOnly:0
 |   |   |- Guid:8CE34B494CE301D074E7089E8B0AE25B BaseClass: NativeClass:/Script/Engine.StaticMeshActor Name:StaticMeshActor_UAID_047C16ED970DF65702_1307348670 Label:road_no-gay8 SpatiallyLoaded:1 Bounds:IsValid=true, Min=(X=4291.781 Y=2844.429 Z=-51.764), Max=(X=4985.705 Y=3740.000 Z=14.754) RuntimeGrid:None EditorOnly:0 RuntimeOnly:0 HLODRelevant:1 ListedInSceneOutliner:1 IsMainWorldOnly:0
 |   |   |- Guid:92BDE7E54A38210A5518AEA786E626CA BaseClass: NativeClass:/Script/Engine.StaticMeshActor Name:StaticMeshActor_UAID_047C16ED970DF65702_1840183687 Label:road_no-gay22 SpatiallyLoaded:1 Bounds:IsValid=true, Min=(X=-1683.705 Y=-3292.000 Z=-51.764), Max=(X=-989.781 Y=-2396.428 Z=14.754) RuntimeGrid:None EditorOnly:0 RuntimeOnly:0 HLODRelevant:1 ListedInSceneOutliner:1 IsMainWorldOnly:0
 |   |   |- Guid:951788D542C3F65263665CAAA4AE648B BaseClass: NativeClass:/Script/Engine.StaticMeshActor Name:StaticMeshActor_UAID_047C16ED970DF65702_1307347668 Label:road_no-gay6 SpatiallyLoaded:1 Bounds:IsValid=true, Min=(X=4291.781 Y=1084.429 Z=-51.764), Max=(X=4985.705 Y=1980.000 Z=14.754) RuntimeGrid:None EditorOnly:0 RuntimeOnly:0 HLODRelevant:1 ListedInSceneOutliner:1 IsMainWorldOnly:0
 |   |   |- Guid:9EB98573411F0A976A345B8C2DEF09A5 BaseClass: NativeClass:/Script/Engine.StaticMeshActor Name:StaticMeshActor_UAID_047C16ED970DF65702_1215312663 Label:road_no-gay SpatiallyLoaded:1 Bounds:IsValid=true, Min=(X=4291.781 Y=-3305.571 Z=-51.764), Max=(X=4985.705 Y=-2410.000 Z=14.754) RuntimeGrid:None EditorOnly:0 RuntimeOnly:0 HLODRelevant:1 ListedInSceneOutliner:1 IsMainWorldOnly:0
 |   |   |- Guid:A354B1B24E617A525DC6B48CCDE2417E BaseClass: NativeClass:/Script/Engine.PlayerStart Name:PlayerStart_0 Label:PlayerStart SpatiallyLoaded:0 Bounds:IsValid=true, Min=(X=26.137 Y=540.066 Z=70.485), Max=(X=106.137 Y=620.066 Z=254.485) RuntimeGrid:None EditorOnly:0 RuntimeOnly:0 HLODRelevant:0 ListedInSceneOutliner:1 IsMainWorldOnly:0
 |   |   |- Guid:A41FDC6641EF5840CD541DA745B81F4F BaseClass: NativeClass:/Script/Engine.StaticMeshActor Name:StaticMeshActor_UAID_047C16ED970DF65702_1329589671 Label:road_no-gay9 SpatiallyLoaded:1 Bounds:IsValid=true, Min=(X=4291.781 Y=3724.429 Z=-51.764), Max=(X=4985.705 Y=4620.000 Z=14.754) RuntimeGrid:None EditorOnly:0 RuntimeOnly:0 HLODRelevant:1 ListedInSceneOutliner:1 IsMainWorldOnly:0
 |   |   |- Guid:ABB1D9A4474F231CC16F2C98D78231C1 BaseClass: NativeClass:/Script/Engine.StaticMeshActor Name:StaticMeshActor_UAID_047C16ED970DB55502_1511178148 Label:SM_SkySphere3 SpatiallyLoaded:0 Bounds:IsValid=true, Min=(X=-1618890.000 Y=-1638400.000 Z=-1638400.000), Max=(X=1657910.000 Y=1638400.000 Z=1638400.000) RuntimeGrid:None EditorOnly:0 RuntimeOnly:0 HLODRelevant:0 ListedInSceneOutliner:1 IsMainWorldOnly:0 FolderPath:Lighting FolderGuid:0BA5F0A04EADB18E70D5B180D08FA34B
 |   |   |- Guid:AD02E3E24A0E45997F37F39E11C9AFEF BaseClass:/Game/blueprints/BP_enemy.BP_enemy_C NativeClass:/Script/Engine.Character Name:BP_enemy_C_UAID_2CF05DE454A0AD5602_1261589759 Label:BP_enemy SpatiallyLoaded:1 Bounds:IsValid=true, Min=(X=525.000 Y=-1487.852 Z=-50.000), Max=(X=617.164 Y=-1392.148 Z=134.120) RuntimeGrid:None EditorOnly:0 RuntimeOnly:0 HLODRelevant:0 ListedInSceneOutliner:1 IsMainWorldOnly:0
 |   |   |- Guid:BF6B497D4A8C115206D4A897B43F54D8 BaseClass: NativeClass:/Script/Engine.StaticMeshActor Name:StaticMeshActor_UAID_047C16ED970DF65702_1466876677 Label:road_no-gay13 SpatiallyLoaded:1 Bounds:IsValid=true, Min=(X=-120.000 Y=5491.781 Z=-51.764), Max=(X=775.572 Y=6185.705 Z=14.754) RuntimeGrid:None EditorOnly:0 RuntimeOnly:0 HLODRelevant:1 ListedInSceneOutliner:1 IsMainWorldOnly:0
 |   |   |- Guid:C0C56B9644AE3D40CAFF6A878DB29844 BaseClass: NativeClass:/Script/Engine.StaticMeshActor Name:StaticMeshActor_UAID_A4AE111137DC5EFB00_2001720423 Label:SM_SkySphere SpatiallyLoaded:0 Bounds:IsValid=true, Min=(X=-1638400.000 Y=-1638400.000 Z=-1638400.000), Max=(X=1638400.000 Y=1638400.000 Z=1638400.000) RuntimeGrid:None EditorOnly:0 RuntimeOnly:0 HLODRelevant:0 ListedInSceneOutliner:1 IsMainWorldOnly:0 FolderPath:Lighting FolderGuid:0BA5F0A04EADB18E70D5B180D08FA34B
 |   |   |- Guid:C22CE07C4B87D685137FDBBC10FC92C6 BaseClass: NativeClass:/Script/Engine.SkyAtmosphere Name:SkyAtmosphere_0 Label:SkyAtmosphere SpatiallyLoaded:0 Bounds:IsValid=true, Min=(X=0.000 Y=0.000 Z=1020.000), Max=(X=0.000 Y=0.000 Z=1020.000) RuntimeGrid:None EditorOnly:0 RuntimeOnly:0 HLODRelevant:0 ListedInSceneOutliner:1 IsMainWorldOnly:0 FolderPath:Lighting FolderGuid:0BA5F0A04EADB18E70D5B180D08FA34B
 |   |   |- Guid:CC6A62774CC99D784D74B294E5D14341 BaseClass: NativeClass:/Script/Engine.StaticMeshActor Name:StaticMeshActor_UAID_047C16ED970DF65702_1290242665 Label:road_no-gay3 SpatiallyLoaded:1 Bounds:IsValid=true, Min=(X=4291.781 Y=-1545.571 Z=-51.764), Max=(X=4985.705 Y=-650.000 Z=14.754) RuntimeGrid:None EditorOnly:0 RuntimeOnly:0 HLODRelevant:1 ListedInSceneOutliner:1 IsMainWorldOnly:0
 |   |   |- Guid:CE8D82634660FCDB3120E2B8D547C533 BaseClass: NativeClass:/Script/Engine.PostProcessVolume Name:PostProcessVolume_0 Label:PostProcessVolume SpatiallyLoaded:0 Bounds:IsValid=true, Min=(X=0.000 Y=0.000 Z=-5250.000), Max=(X=200.000 Y=200.000 Z=-5050.000) RuntimeGrid:None EditorOnly:0 RuntimeOnly:0 HLODRelevant:0 ListedInSceneOutliner:1 IsMainWorldOnly:0 FolderPath:Lighting FolderGuid:0BA5F0A04EADB18E70D5B180D08FA34B
 |   |   |- Guid:D7B54B6048A3E8C07F3D8F9C8F7823CF BaseClass: NativeClass:/Script/Engine.StaticMeshActor Name:StaticMeshActor_UAID_047C16ED970DF65702_1840184689 Label:road_no-gay23 SpatiallyLoaded:1 Bounds:IsValid=true, Min=(X=-113.572 Y=-4857.705 Z=-51.764), Max=(X=782.000 Y=-4163.781 Z=14.754) RuntimeGrid:None EditorOnly:0 RuntimeOnly:0 HLODRelevant:1 ListedInSceneOutliner:1 IsMainWorldOnly:0
 |   |   |- Guid:DACDF5AE4308E528E1C66CB8C7DDF8BD BaseClass: NativeClass:/Script/Engine.StaticMeshActor Name:StaticMeshActor_UAID_047C16ED970DF65702_1290244666 Label:road_no-gay4 SpatiallyLoaded:1 Bounds:IsValid=true, Min=(X=4291.781 Y=-665.571 Z=-51.764), Max=(X=4985.705 Y=230.000 Z=14.754) RuntimeGrid:None EditorOnly:0 RuntimeOnly:0 HLODRelevant:1 ListedInSceneOutliner:1 IsMainWorldOnly:0
 |   |   |- Guid:E49EE9CA4D33995FACA637AAA88F9AF7 BaseClass: NativeClass:/Script/Engine.DirectionalLight Name:DirectionalLight_UAID_047C16ED970DB55502_1500010131 Label:DirectionalLight2 SpatiallyLoaded:0 Bounds:Invalid RuntimeGrid:None EditorOnly:0 RuntimeOnly:0 HLODRelevant:0 ListedInSceneOutliner:1 IsMainWorldOnly:0 FolderPath:Lighting FolderGuid:0BA5F0A04EADB18E70D5B180D08FA34B
 |   |   |- Guid:E5320C1B4FD9764CE7B54D8487AEC613 BaseClass: NativeClass:/Script/Engine.SkyLight Name:SkyLight_0 Label:SkyLight SpatiallyLoaded:0 Bounds:IsValid=true, Min=(X=0.000 Y=0.000 Z=690.000), Max=(X=0.000 Y=0.000 Z=690.000) RuntimeGrid:None EditorOnly:0 RuntimeOnly:0 HLODRelevant:0 ListedInSceneOutliner:1 IsMainWorldOnly:0 FolderPath:Lighting FolderGuid:0BA5F0A04EADB18E70D5B180D08FA34B
 |   |   |- Guid:E62CC1F9450584DABC49F2B07F3AD8CF BaseClass: NativeClass:/Script/Engine.ExponentialHeightFog Name:ExponentialHeightFog_UAID_047C16ED970DB55502_1500007129 Label:ExponentialHeightFog2 SpatiallyLoaded:0 Bounds:IsValid=true, Min=(X=-5600.000 Y=-50.000 Z=-12500.000), Max=(X=-5600.000 Y=-50.000 Z=-12500.000) RuntimeGrid:None EditorOnly:0 RuntimeOnly:0 HLODRelevant:0 ListedInSceneOutliner:1 IsMainWorldOnly:0 FolderPath:Lighting FolderGuid:0BA5F0A04EADB18E70D5B180D08FA34B
 |   |   |- Guid:EB20A2614B63DB63B7EF2B8A5A479A0F BaseClass: NativeClass:/Script/Engine.StaticMeshActor Name:StaticMeshActor_UAID_047C16ED970DB55502_1500015136 Label:SM_SkySphere2 SpatiallyLoaded:0 Bounds:IsValid=true, Min=(X=-1638400.000 Y=-1638400.000 Z=-1638400.000), Max=(X=1638400.000 Y=1638400.000 Z=1638400.000) RuntimeGrid:None EditorOnly:0 RuntimeOnly:0 HLODRelevant:0 ListedInSceneOutliner:1 IsMainWorldOnly:0 FolderPath:Lighting FolderGuid:0BA5F0A04EADB18E70D5B180D08FA34B
 |   |   |- Guid:EE66F4454A4A9F99393F559AB739C05E BaseClass:/Game/FirstPerson/Blueprints/BP_Pickup_Rifle.BP_Pickup_Rifle_C NativeClass:/Script/Engine.Actor Name:BP_Rifle_C_1 Label:BP_Pickup_Rifle SpatiallyLoaded:1 Bounds:IsValid=true, Min=(X=1070.703 Y=526.051 Z=17.398), Max=(X=1134.703 Y=628.991 Z=81.398) RuntimeGrid:None EditorOnly:0 RuntimeOnly:0 HLODRelevant:0 ListedInSceneOutliner:1 IsMainWorldOnly:0
 |   |   |- Guid:F191E86D4BBA4280E4C569A0A99A07E6 BaseClass: NativeClass:/Script/Engine.StaticMeshActor Name:StaticMeshActor_UAID_047C16ED970DF65702_1840178679 Label:road_no-gay14 SpatiallyLoaded:1 Bounds:IsValid=true, Min=(X=-1683.705 Y=3738.000 Z=-51.764), Max=(X=-989.781 Y=4633.572 Z=14.754) RuntimeGrid:None EditorOnly:0 RuntimeOnly:0 HLODRelevant:1 ListedInSceneOutliner:1 IsMainWorldOnly:0
 |   |   |- Guid:F20DB6D34A8CF62E093F8898064069AB BaseClass: NativeClass:/Script/Engine.StaticMeshActor Name:StaticMeshActor_UAID_047C16ED970DF65702_1466876675 Label:road_no-gay11 SpatiallyLoaded:1 Bounds:IsValid=true, Min=(X=1640.000 Y=5491.781 Z=-51.764), Max=(X=2535.572 Y=6185.705 Z=14.754) RuntimeGrid:None EditorOnly:0 RuntimeOnly:0 HLODRelevant:1 ListedInSceneOutliner:1 IsMainWorldOnly:0
 |   |   |- Guid:F54466BC429CE78B46B4D581DAD645CE BaseClass: NativeClass:/Script/NavigationSystem.NavMeshBoundsVolume Name:NavMeshBoundsVolume_UAID_2CF05DE454A0AD5602_1326099760 Label:NavMeshBoundsVolume SpatiallyLoaded:0 Bounds:IsValid=true, Min=(X=-6715.000 Y=-10185.000 Z=-555.000), Max=(X=8235.000 Y=10765.000 Z=495.000) RuntimeGrid:None EditorOnly:0 RuntimeOnly:0 HLODRelevant:0 ListedInSceneOutliner:1 IsMainWorldOnly:0
 |   |   |- Guid:F80621C9446867154938FE81375207DA BaseClass: NativeClass:/Script/Engine.DirectionalLight Name:DirectionalLight_1 Label:DirectionalLight SpatiallyLoaded:0 Bounds:Invalid RuntimeGrid:None EditorOnly:0 RuntimeOnly:0 HLODRelevant:0 ListedInSceneOutliner:1 IsMainWorldOnly:0 FolderPath:Lighting FolderGuid:0BA5F0A04EADB18E70D5B180D08FA34B
 |   |   |- Guid:FF9AD15A4243168DFF4E56B7334870B9 BaseClass: NativeClass:/Script/Engine.PlayerStart Name:PlayerStart_UAID_047C16ED970DB55502_1500013134 Label:PlayerStart2 SpatiallyLoaded:0 Bounds:IsValid=true, Min=(X=26.137 Y=540.066 Z=70.485), Max=(X=106.137 Y=620.066 Z=254.485) RuntimeGrid:None EditorOnly:0 RuntimeOnly:0 HLODRelevant:0 ListedInSceneOutliner:1 IsMainWorldOnly:0
 |   |- [+] Clusters:
 |   |   |- [+] [  0]
 |   |   |   |- Guid:02E63A5040487CE881711BA52492AC66 BaseClass: NativeClass:/Script/Engine.VolumetricCloud Name:VolumetricCloud_UAID_047C16ED970DB55502_1500008130 Label:VolumetricCloud2 SpatiallyLoaded:0 Bounds:IsValid=true, Min=(X=0.000 Y=0.000 Z=820.000), Max=(X=0.000 Y=0.000 Z=820.000) RuntimeGrid:None EditorOnly:0 RuntimeOnly:0 HLODRelevant:0 ListedInSceneOutliner:1 IsMainWorldOnly:0 FolderPath:Lighting FolderGuid:0BA5F0A04EADB18E70D5B180D08FA34B
 |   |   |- [+] [  1]
 |   |   |   |- Guid:05AF6797443DC4B0FEDB86AFE4A8033B BaseClass: NativeClass:/Script/Engine.StaticMeshActor Name:StaticMeshActor_UAID_047C16ED970DF65702_1840186692 Label:road_no-gay26 SpatiallyLoaded:1 Bounds:IsValid=true, Min=(X=2536.428 Y=-4857.705 Z=-51.764), Max=(X=3432.000 Y=-4163.781 Z=14.754) RuntimeGrid:None EditorOnly:0 RuntimeOnly:0 HLODRelevant:1 ListedInSceneOutliner:1 IsMainWorldOnly:0
 |   |   |- [+] [  2]
 |   |   |   |- Guid:08AD96E1429E295B104B61ABE5694CCF BaseClass: NativeClass:/Script/Engine.StaticMeshActor Name:StaticMeshActor_UAID_047C16ED970DF65702_1351114673 Label:road_X1 SpatiallyLoaded:1 Bounds:IsValid=true, Min=(X=3396.952 Y=4598.563 Z=-51.764), Max=(X=5880.000 Y=7082.719 Z=14.754) RuntimeGrid:None EditorOnly:0 RuntimeOnly:0 HLODRelevant:1 ListedInSceneOutliner:1 IsMainWorldOnly:0
 |   |   |- [+] [  3]
 |   |   |   |- Guid:0FB467F143771270E39E4FAC11AC2623 BaseClass: NativeClass:/Script/Engine.StaticMeshActor Name:StaticMeshActor_UAID_047C16ED970DF65702_1840183684 Label:road_no-gay19 SpatiallyLoaded:1 Bounds:IsValid=true, Min=(X=-1683.705 Y=-652.000 Z=-51.764), Max=(X=-989.781 Y=243.572 Z=14.754) RuntimeGrid:None EditorOnly:0 RuntimeOnly:0 HLODRelevant:1 ListedInSceneOutliner:1 IsMainWorldOnly:0
 |   |   |- [+] [  4]
 |   |   |   |- Guid:1E7E702749A8CEE7D8BE689849843344 BaseClass: NativeClass:/Script/Engine.StaticMeshActor Name:StaticMeshActor_UAID_047C16ED970DF65702_1840184688 Label:road_X3 SpatiallyLoaded:1 Bounds:IsValid=true, Min=(X=-2578.000 Y=-5754.719 Z=-51.764), Max=(X=-94.952 Y=-3270.563 Z=14.754) RuntimeGrid:None EditorOnly:0 RuntimeOnly:0 HLODRelevant:1 ListedInSceneOutliner:1 IsMainWorldOnly:0
 |   |   |- [+] [  5]
 |   |   |   |- Guid:211F3C954F4ED28111E7F399E151F4E1 BaseClass: NativeClass:/Script/Engine.StaticMeshActor Name:StaticMeshActor_UAID_047C16ED970DF65702_1840184691 Label:road_no-gay25 SpatiallyLoaded:1 Bounds:IsValid=true, Min=(X=1646.428 Y=-4857.705 Z=-51.764), Max=(X=2542.000 Y=-4163.781 Z=14.754) RuntimeGrid:None EditorOnly:0 RuntimeOnly:0 HLODRelevant:1 ListedInSceneOutliner:1 IsMainWorldOnly:0
 |   |   |- [+] [  6]
 |   |   |   |- Guid:2EA28C684612BA0E9E082D8C1310B70B BaseClass: NativeClass:/Script/Engine.StaticMeshActor Name:StaticMeshActor_UAID_047C16ED970DF65702_1307345667 Label:road_no-gay5 SpatiallyLoaded:1 Bounds:IsValid=true, Min=(X=4291.781 Y=204.429 Z=-51.764), Max=(X=4985.705 Y=1100.000 Z=14.754) RuntimeGrid:None EditorOnly:0 RuntimeOnly:0 HLODRelevant:1 ListedInSceneOutliner:1 IsMainWorldOnly:0
 |   |   |- [+] [  7]
 |   |   |   |- Guid:310196BC48FC65FC79ABE2B184801C12 BaseClass: NativeClass:/Script/Engine.StaticMeshActor Name:StaticMeshActor_UAID_047C16ED970DF65702_1840181683 Label:road_no-gay18 SpatiallyLoaded:1 Bounds:IsValid=true, Min=(X=-1683.705 Y=228.000 Z=-51.764), Max=(X=-989.781 Y=1123.572 Z=14.754) RuntimeGrid:None EditorOnly:0 RuntimeOnly:0 HLODRelevant:1 ListedInSceneOutliner:1 IsMainWorldOnly:0
 |   |   |- [+] [  8]
 |   |   |   |- Guid:323D2F454EE3631A3C60DBA7F9B3AD8E BaseClass: NativeClass:/Script/Engine.StaticMeshActor Name:StaticMeshActor_UAID_047C16ED970DF65702_1840184690 Label:road_no-gay24 SpatiallyLoaded:1 Bounds:IsValid=true, Min=(X=766.428 Y=-4857.705 Z=-51.764), Max=(X=1662.000 Y=-4163.781 Z=14.754) RuntimeGrid:None EditorOnly:0 RuntimeOnly:0 HLODRelevant:1 ListedInSceneOutliner:1 IsMainWorldOnly:0
 |   |   |- [+] [  9]
 |   |   |   |- Guid:39C2B120428B64A8642B8B895AE6FEBC BaseClass: NativeClass:/Script/Engine.StaticMeshActor Name:StaticMeshActor_UAID_047C16ED970DF65702_1597835678 Label:road_X2 SpatiallyLoaded:1 Bounds:IsValid=true, Min=(X=-2582.048 Y=4597.563 Z=-51.764), Max=(X=-99.000 Y=7081.719 Z=14.754) RuntimeGrid:None EditorOnly:0 RuntimeOnly:0 HLODRelevant:1 ListedInSceneOutliner:1 IsMainWorldOnly:0
 |   |   |- [+] [ 10]
 |   |   |   |- Guid:3C8BB1BD49534BB67A505FA2CF88C6C3 BaseClass: NativeClass:/Script/Engine.StaticMeshActor Name:StaticMeshActor_UAID_047C16ED970DF65702_1840183685 Label:road_no-gay20 SpatiallyLoaded:1 Bounds:IsValid=true, Min=(X=-1683.705 Y=-1532.000 Z=-51.764), Max=(X=-989.781 Y=-636.428 Z=14.754) RuntimeGrid:None EditorOnly:0 RuntimeOnly:0 HLODRelevant:1 ListedInSceneOutliner:1 IsMainWorldOnly:0
 |   |   |- [+] [ 11]
 |   |   |   |- Guid:4435BCE24C8CD0FD3581D895679DBABF BaseClass: NativeClass:/Script/Engine.StaticMeshActor Name:StaticMeshActor_UAID_047C16ED970DF65702_1261194664 Label:road_no-gay2 SpatiallyLoaded:1 Bounds:IsValid=true, Min=(X=4291.781 Y=-2425.571 Z=-51.764), Max=(X=4985.705 Y=-1530.000 Z=14.754) RuntimeGrid:None EditorOnly:0 RuntimeOnly:0 HLODRelevant:1 ListedInSceneOutliner:1 IsMainWorldOnly:0
 |   |   |- [+] [ 12]
 |   |   |   |- Guid:4B0AEA8F42B47FEA89ED99AF388F116D BaseClass: NativeClass:/Script/Engine.StaticMeshActor Name:StaticMeshActor_UAID_047C16ED970DB55502_1500016138 Label:Plane2 SpatiallyLoaded:1 Bounds:IsValid=true, Min=(X=-6872.500 Y=-10035.000 Z=-50.000), Max=(X=8052.500 Y=10815.000 Z=-50.000) RuntimeGrid:None EditorOnly:0 RuntimeOnly:0 HLODRelevant:1 ListedInSceneOutliner:1 IsMainWorldOnly:0
 |   |   |- [+] [ 13]
 |   |   |   |- Guid:4F9F4CC44BE94E9B9BAB2899839CC5AE BaseClass: NativeClass:/Script/Engine.StaticMeshActor Name:StaticMeshActor_UAID_047C16ED970DF65702_1307348669 Label:road_no-gay7 SpatiallyLoaded:1 Bounds:IsValid=true, Min=(X=4291.781 Y=1964.429 Z=-51.764), Max=(X=4985.705 Y=2860.000 Z=14.754) RuntimeGrid:None EditorOnly:0 RuntimeOnly:0 HLODRelevant:1 ListedInSceneOutliner:1 IsMainWorldOnly:0
 |   |   |- [+] [ 14]
 |   |   |   |- Guid:4FF354564FFBC86671573CBCA732A340 BaseClass: NativeClass:/Script/Engine.StaticMeshActor Name:StaticMeshActor_UAID_047C16ED970DF65702_1840186693 Label:road_X4 SpatiallyLoaded:1 Bounds:IsValid=true, Min=(X=3401.000 Y=-5753.719 Z=-51.764), Max=(X=5884.048 Y=-3269.563 Z=14.754) RuntimeGrid:None EditorOnly:0 RuntimeOnly:0 HLODRelevant:1 ListedInSceneOutliner:1 IsMainWorldOnly:0
 |   |   |- [+] [ 15]
 |   |   |   |- Guid:529F7E2049DC8D3DCC82D497ED919572 BaseClass: NativeClass:/Script/Engine.StaticMeshActor Name:StaticMeshActor_UAID_047C16ED970DF65702_1466876676 Label:road_no-gay12 SpatiallyLoaded:1 Bounds:IsValid=true, Min=(X=760.000 Y=5491.781 Z=-51.764), Max=(X=1655.572 Y=6185.705 Z=14.754) RuntimeGrid:None EditorOnly:0 RuntimeOnly:0 HLODRelevant:1 ListedInSceneOutliner:1 IsMainWorldOnly:0
 |   |   |- [+] [ 16]
 |   |   |   |- Guid:575D4D8F4FC98B4BBC6F62A61BD607EF BaseClass: NativeClass:/Script/Engine.PostProcessVolume Name:PostProcessVolume_UAID_047C16ED970DB55502_1500016137 Label:PostProcessVolume2 SpatiallyLoaded:0 Bounds:IsValid=true, Min=(X=0.000 Y=0.000 Z=400.000), Max=(X=200.000 Y=200.000 Z=600.000) RuntimeGrid:None EditorOnly:0 RuntimeOnly:0 HLODRelevant:0 ListedInSceneOutliner:1 IsMainWorldOnly:0 FolderPath:Lighting FolderGuid:0BA5F0A04EADB18E70D5B180D08FA34B
 |   |   |- [+] [ 17]
 |   |   |   |- Guid:589C811E43764DACF271FA85D318BF14 BaseClass: NativeClass:/Script/Engine.StaticMeshActor Name:StaticMeshActor_UAID_047C16ED970DF65702_1840181682 Label:road_no-gay17 SpatiallyLoaded:1 Bounds:IsValid=true, Min=(X=-1683.705 Y=1098.000 Z=-51.764), Max=(X=-989.781 Y=1993.572 Z=14.754) RuntimeGrid:None EditorOnly:0 RuntimeOnly:0 HLODRelevant:1 ListedInSceneOutliner:1 IsMainWorldOnly:0
 |   |   |- [+] [ 18]
 |   |   |   |- Guid:5DE00DD74C2D1CFBFFD536A329B092FD BaseClass: NativeClass:/Script/Engine.Actor Name:ChaosDebugDrawActor_UAID_047C16ED970DB55502_1500006128 Label:Actor2 SpatiallyLoaded:1 Bounds:Invalid RuntimeGrid:None EditorOnly:0 RuntimeOnly:0 HLODRelevant:0 ListedInSceneOutliner:0 IsMainWorldOnly:0
 |   |   |- [+] [ 19]
 |   |   |   |- Guid:5FE7584649BB6F09265329A6C57CFD0D BaseClass: NativeClass:/Script/Engine.VolumetricCloud Name:VolumetricCloud_0 Label:VolumetricCloud SpatiallyLoaded:0 Bounds:IsValid=true, Min=(X=0.000 Y=0.000 Z=820.000), Max=(X=0.000 Y=0.000 Z=820.000) RuntimeGrid:None EditorOnly:0 RuntimeOnly:0 HLODRelevant:0 ListedInSceneOutliner:1 IsMainWorldOnly:0 FolderPath:Lighting FolderGuid:0BA5F0A04EADB18E70D5B180D08FA34B
 |   |   |- [+] [ 20]
 |   |   |   |- Guid:61391D344900612A77DFC3BA3E354907 BaseClass: NativeClass:/Script/Engine.ExponentialHeightFog Name:ExponentialHeightFog_0 Label:ExponentialHeightFog SpatiallyLoaded:0 Bounds:IsValid=true, Min=(X=-5600.000 Y=-50.000 Z=-12500.000), Max=(X=-5600.000 Y=-50.000 Z=-12500.000) RuntimeGrid:None EditorOnly:0 RuntimeOnly:0 HLODRelevant:0 ListedInSceneOutliner:1 IsMainWorldOnly:0 FolderPath:Lighting FolderGuid:0BA5F0A04EADB18E70D5B180D08FA34B
 |   |   |- [+] [ 21]
 |   |   |   |- Guid:68FC0E4548D06625B746AF8204B2364F BaseClass: NativeClass:/Script/Engine.SkyAtmosphere Name:SkyAtmosphere_UAID_047C16ED970DB55502_1500014135 Label:SkyAtmosphere2 SpatiallyLoaded:0 Bounds:IsValid=true, Min=(X=0.000 Y=0.000 Z=1020.000), Max=(X=0.000 Y=0.000 Z=1020.000) RuntimeGrid:None EditorOnly:0 RuntimeOnly:0 HLODRelevant:0 ListedInSceneOutliner:1 IsMainWorldOnly:0 FolderPath:Lighting FolderGuid:0BA5F0A04EADB18E70D5B180D08FA34B
 |   |   |- [+] [ 22]
 |   |   |   |- Guid:6DEEE967488563F1317155B9C228BF10 BaseClass: NativeClass:/Script/Engine.StaticMeshActor Name:StaticMeshActor_UAID_047C16ED970DF65702_1466875674 Label:road_no-gay10 SpatiallyLoaded:1 Bounds:IsValid=true, Min=(X=2520.000 Y=5491.781 Z=-51.764), Max=(X=3415.572 Y=6185.705 Z=14.754) RuntimeGrid:None EditorOnly:0 RuntimeOnly:0 HLODRelevant:1 ListedInSceneOutliner:1 IsMainWorldOnly:0
 |   |   |- [+] [ 23]
 |   |   |   |- Guid:6DEF477F4D6E67A3AC225986300C9F9D BaseClass: NativeClass:/Script/Engine.StaticMeshActor Name:StaticMeshActor_UAID_047C16ED970DF65702_1840181681 Label:road_no-gay16 SpatiallyLoaded:1 Bounds:IsValid=true, Min=(X=-1683.705 Y=1978.000 Z=-51.764), Max=(X=-989.781 Y=2873.572 Z=14.754) RuntimeGrid:None EditorOnly:0 RuntimeOnly:0 HLODRelevant:1 ListedInSceneOutliner:1 IsMainWorldOnly:0
 |   |   |- [+] [ 24]
 |   |   |   |- Guid:6FEFB3BD4EB37B849EF0D4AC80F83855 BaseClass: NativeClass:/Script/Engine.WorldDataLayers Name:WorldDataLayers Label:WorldDataLayers SpatiallyLoaded:0 Bounds:Invalid RuntimeGrid:None EditorOnly:0 RuntimeOnly:0 HLODRelevant:0 ListedInSceneOutliner:1 IsMainWorldOnly:1
 |   |   |- [+] [ 25]
 |   |   |   |- Guid:751B4E384D233A4339AAE88449405E68 BaseClass: NativeClass:/Script/Engine.StaticMeshActor Name:StaticMeshActor_UAID_047C16ED970DF65702_1840181680 Label:road_no-gay15 SpatiallyLoaded:1 Bounds:IsValid=true, Min=(X=-1683.705 Y=2858.000 Z=-51.764), Max=(X=-989.781 Y=3753.572 Z=14.754) RuntimeGrid:None EditorOnly:0 RuntimeOnly:0 HLODRelevant:1 ListedInSceneOutliner:1 IsMainWorldOnly:0
 |   |   |- [+] [ 26]
 |   |   |   |- Guid:7635FE884E39B46749988492604F7EED BaseClass: NativeClass:/Script/Engine.SkyLight Name:SkyLight_UAID_047C16ED970DB55502_1500011133 Label:SkyLight2 SpatiallyLoaded:0 Bounds:IsValid=true, Min=(X=0.000 Y=0.000 Z=690.000), Max=(X=0.000 Y=0.000 Z=690.000) RuntimeGrid:None EditorOnly:0 RuntimeOnly:0 HLODRelevant:0 ListedInSceneOutliner:1 IsMainWorldOnly:0 FolderPath:Lighting FolderGuid:0BA5F0A04EADB18E70D5B180D08FA34B
 |   |   |- [+] [ 27]
 |   |   |   |- Guid:81B4487D43E2D62A6963FDAA46E064EA BaseClass: NativeClass:/Script/Engine.StaticMeshActor Name:StaticMeshActor_UAID_047C16ED970DF65702_1840183686 Label:road_no-gay21 SpatiallyLoaded:1 Bounds:IsValid=true, Min=(X=-1683.705 Y=-2412.000 Z=-51.764), Max=(X=-989.781 Y=-1516.428 Z=14.754) RuntimeGrid:None EditorOnly:0 RuntimeOnly:0 HLODRelevant:1 ListedInSceneOutliner:1 IsMainWorldOnly:0
 |   |   |- [+] [ 28]
 |   |   |   |- Guid:841B11FF44F6F23695BF9FAB4D71E801 BaseClass: NativeClass:/Script/NavigationSystem.RecastNavMesh Name:RecastNavMesh_UAID_2CF05DE454A0AD5602-Default Label:RecastNavMesh-Default SpatiallyLoaded:0 Bounds:IsValid=true, Min=(X=0.000 Y=0.000 Z=0.000), Max=(X=0.000 Y=0.000 Z=0.000) RuntimeGrid:None EditorOnly:0 RuntimeOnly:0 HLODRelevant:0 ListedInSceneOutliner:1 IsMainWorldOnly:0
 |   |   |- [+] [ 29]
 |   |   |   |- Guid:8CE34B494CE301D074E7089E8B0AE25B BaseClass: NativeClass:/Script/Engine.StaticMeshActor Name:StaticMeshActor_UAID_047C16ED970DF65702_1307348670 Label:road_no-gay8 SpatiallyLoaded:1 Bounds:IsValid=true, Min=(X=4291.781 Y=2844.429 Z=-51.764), Max=(X=4985.705 Y=3740.000 Z=14.754) RuntimeGrid:None EditorOnly:0 RuntimeOnly:0 HLODRelevant:1 ListedInSceneOutliner:1 IsMainWorldOnly:0
 |   |   |- [+] [ 30]
 |   |   |   |- Guid:92BDE7E54A38210A5518AEA786E626CA BaseClass: NativeClass:/Script/Engine.StaticMeshActor Name:StaticMeshActor_UAID_047C16ED970DF65702_1840183687 Label:road_no-gay22 SpatiallyLoaded:1 Bounds:IsValid=true, Min=(X=-1683.705 Y=-3292.000 Z=-51.764), Max=(X=-989.781 Y=-2396.428 Z=14.754) RuntimeGrid:None EditorOnly:0 RuntimeOnly:0 HLODRelevant:1 ListedInSceneOutliner:1 IsMainWorldOnly:0
 |   |   |- [+] [ 31]
 |   |   |   |- Guid:951788D542C3F65263665CAAA4AE648B BaseClass: NativeClass:/Script/Engine.StaticMeshActor Name:StaticMeshActor_UAID_047C16ED970DF65702_1307347668 Label:road_no-gay6 SpatiallyLoaded:1 Bounds:IsValid=true, Min=(X=4291.781 Y=1084.429 Z=-51.764), Max=(X=4985.705 Y=1980.000 Z=14.754) RuntimeGrid:None EditorOnly:0 RuntimeOnly:0 HLODRelevant:1 ListedInSceneOutliner:1 IsMainWorldOnly:0
 |   |   |- [+] [ 32]
 |   |   |   |- Guid:9EB98573411F0A976A345B8C2DEF09A5 BaseClass: NativeClass:/Script/Engine.StaticMeshActor Name:StaticMeshActor_UAID_047C16ED970DF65702_1215312663 Label:road_no-gay SpatiallyLoaded:1 Bounds:IsValid=true, Min=(X=4291.781 Y=-3305.571 Z=-51.764), Max=(X=4985.705 Y=-2410.000 Z=14.754) RuntimeGrid:None EditorOnly:0 RuntimeOnly:0 HLODRelevant:1 ListedInSceneOutliner:1 IsMainWorldOnly:0
 |   |   |- [+] [ 33]
 |   |   |   |- Guid:A354B1B24E617A525DC6B48CCDE2417E BaseClass: NativeClass:/Script/Engine.PlayerStart Name:PlayerStart_0 Label:PlayerStart SpatiallyLoaded:0 Bounds:IsValid=true, Min=(X=26.137 Y=540.066 Z=70.485), Max=(X=106.137 Y=620.066 Z=254.485) RuntimeGrid:None EditorOnly:0 RuntimeOnly:0 HLODRelevant:0 ListedInSceneOutliner:1 IsMainWorldOnly:0
 |   |   |- [+] [ 34]
 |   |   |   |- Guid:A41FDC6641EF5840CD541DA745B81F4F BaseClass: NativeClass:/Script/Engine.StaticMeshActor Name:StaticMeshActor_UAID_047C16ED970DF65702_1329589671 Label:road_no-gay9 SpatiallyLoaded:1 Bounds:IsValid=true, Min=(X=4291.781 Y=3724.429 Z=-51.764), Max=(X=4985.705 Y=4620.000 Z=14.754) RuntimeGrid:None EditorOnly:0 RuntimeOnly:0 HLODRelevant:1 ListedInSceneOutliner:1 IsMainWorldOnly:0
 |   |   |- [+] [ 35]
 |   |   |   |- Guid:ABB1D9A4474F231CC16F2C98D78231C1 BaseClass: NativeClass:/Script/Engine.StaticMeshActor Name:StaticMeshActor_UAID_047C16ED970DB55502_1511178148 Label:SM_SkySphere3 SpatiallyLoaded:0 Bounds:IsValid=true, Min=(X=-1618890.000 Y=-1638400.000 Z=-1638400.000), Max=(X=1657910.000 Y=1638400.000 Z=1638400.000) RuntimeGrid:None EditorOnly:0 RuntimeOnly:0 HLODRelevant:0 ListedInSceneOutliner:1 IsMainWorldOnly:0 FolderPath:Lighting FolderGuid:0BA5F0A04EADB18E70D5B180D08FA34B
 |   |   |- [+] [ 36]
 |   |   |   |- Guid:AD02E3E24A0E45997F37F39E11C9AFEF BaseClass:/Game/blueprints/BP_enemy.BP_enemy_C NativeClass:/Script/Engine.Character Name:BP_enemy_C_UAID_2CF05DE454A0AD5602_1261589759 Label:BP_enemy SpatiallyLoaded:1 Bounds:IsValid=true, Min=(X=525.000 Y=-1487.852 Z=-50.000), Max=(X=617.164 Y=-1392.148 Z=134.120) RuntimeGrid:None EditorOnly:0 RuntimeOnly:0 HLODRelevant:0 ListedInSceneOutliner:1 IsMainWorldOnly:0
 |   |   |- [+] [ 37]
 |   |   |   |- Guid:BF6B497D4A8C115206D4A897B43F54D8 BaseClass: NativeClass:/Script/Engine.StaticMeshActor Name:StaticMeshActor_UAID_047C16ED970DF65702_1466876677 Label:road_no-gay13 SpatiallyLoaded:1 Bounds:IsValid=true, Min=(X=-120.000 Y=5491.781 Z=-51.764), Max=(X=775.572 Y=6185.705 Z=14.754) RuntimeGrid:None EditorOnly:0 RuntimeOnly:0 HLODRelevant:1 ListedInSceneOutliner:1 IsMainWorldOnly:0
 |   |   |- [+] [ 38]
 |   |   |   |- Guid:C0C56B9644AE3D40CAFF6A878DB29844 BaseClass: NativeClass:/Script/Engine.StaticMeshActor Name:StaticMeshActor_UAID_A4AE111137DC5EFB00_2001720423 Label:SM_SkySphere SpatiallyLoaded:0 Bounds:IsValid=true, Min=(X=-1638400.000 Y=-1638400.000 Z=-1638400.000), Max=(X=1638400.000 Y=1638400.000 Z=1638400.000) RuntimeGrid:None EditorOnly:0 RuntimeOnly:0 HLODRelevant:0 ListedInSceneOutliner:1 IsMainWorldOnly:0 FolderPath:Lighting FolderGuid:0BA5F0A04EADB18E70D5B180D08FA34B
 |   |   |- [+] [ 39]
 |   |   |   |- Guid:C22CE07C4B87D685137FDBBC10FC92C6 BaseClass: NativeClass:/Script/Engine.SkyAtmosphere Name:SkyAtmosphere_0 Label:SkyAtmosphere SpatiallyLoaded:0 Bounds:IsValid=true, Min=(X=0.000 Y=0.000 Z=1020.000), Max=(X=0.000 Y=0.000 Z=1020.000) RuntimeGrid:None EditorOnly:0 RuntimeOnly:0 HLODRelevant:0 ListedInSceneOutliner:1 IsMainWorldOnly:0 FolderPath:Lighting FolderGuid:0BA5F0A04EADB18E70D5B180D08FA34B
 |   |   |- [+] [ 40]
 |   |   |   |- Guid:CC6A62774CC99D784D74B294E5D14341 BaseClass: NativeClass:/Script/Engine.StaticMeshActor Name:StaticMeshActor_UAID_047C16ED970DF65702_1290242665 Label:road_no-gay3 SpatiallyLoaded:1 Bounds:IsValid=true, Min=(X=4291.781 Y=-1545.571 Z=-51.764), Max=(X=4985.705 Y=-650.000 Z=14.754) RuntimeGrid:None EditorOnly:0 RuntimeOnly:0 HLODRelevant:1 ListedInSceneOutliner:1 IsMainWorldOnly:0
 |   |   |- [+] [ 41]
 |   |   |   |- Guid:CE8D82634660FCDB3120E2B8D547C533 BaseClass: NativeClass:/Script/Engine.PostProcessVolume Name:PostProcessVolume_0 Label:PostProcessVolume SpatiallyLoaded:0 Bounds:IsValid=true, Min=(X=0.000 Y=0.000 Z=-5250.000), Max=(X=200.000 Y=200.000 Z=-5050.000) RuntimeGrid:None EditorOnly:0 RuntimeOnly:0 HLODRelevant:0 ListedInSceneOutliner:1 IsMainWorldOnly:0 FolderPath:Lighting FolderGuid:0BA5F0A04EADB18E70D5B180D08FA34B
 |   |   |- [+] [ 42]
 |   |   |   |- Guid:D7B54B6048A3E8C07F3D8F9C8F7823CF BaseClass: NativeClass:/Script/Engine.StaticMeshActor Name:StaticMeshActor_UAID_047C16ED970DF65702_1840184689 Label:road_no-gay23 SpatiallyLoaded:1 Bounds:IsValid=true, Min=(X=-113.572 Y=-4857.705 Z=-51.764), Max=(X=782.000 Y=-4163.781 Z=14.754) RuntimeGrid:None EditorOnly:0 RuntimeOnly:0 HLODRelevant:1 ListedInSceneOutliner:1 IsMainWorldOnly:0
 |   |   |- [+] [ 43]
 |   |   |   |- Guid:DACDF5AE4308E528E1C66CB8C7DDF8BD BaseClass: NativeClass:/Script/Engine.StaticMeshActor Name:StaticMeshActor_UAID_047C16ED970DF65702_1290244666 Label:road_no-gay4 SpatiallyLoaded:1 Bounds:IsValid=true, Min=(X=4291.781 Y=-665.571 Z=-51.764), Max=(X=4985.705 Y=230.000 Z=14.754) RuntimeGrid:None EditorOnly:0 RuntimeOnly:0 HLODRelevant:1 ListedInSceneOutliner:1 IsMainWorldOnly:0
 |   |   |- [+] [ 44]
 |   |   |   |- Guid:E49EE9CA4D33995FACA637AAA88F9AF7 BaseClass: NativeClass:/Script/Engine.DirectionalLight Name:DirectionalLight_UAID_047C16ED970DB55502_1500010131 Label:DirectionalLight2 SpatiallyLoaded:0 Bounds:Invalid RuntimeGrid:None EditorOnly:0 RuntimeOnly:0 HLODRelevant:0 ListedInSceneOutliner:1 IsMainWorldOnly:0 FolderPath:Lighting FolderGuid:0BA5F0A04EADB18E70D5B180D08FA34B
 |   |   |- [+] [ 45]
 |   |   |   |- Guid:E5320C1B4FD9764CE7B54D8487AEC613 BaseClass: NativeClass:/Script/Engine.SkyLight Name:SkyLight_0 Label:SkyLight SpatiallyLoaded:0 Bounds:IsValid=true, Min=(X=0.000 Y=0.000 Z=690.000), Max=(X=0.000 Y=0.000 Z=690.000) RuntimeGrid:None EditorOnly:0 RuntimeOnly:0 HLODRelevant:0 ListedInSceneOutliner:1 IsMainWorldOnly:0 FolderPath:Lighting FolderGuid:0BA5F0A04EADB18E70D5B180D08FA34B
 |   |   |- [+] [ 46]
 |   |   |   |- Guid:E62CC1F9450584DABC49F2B07F3AD8CF BaseClass: NativeClass:/Script/Engine.ExponentialHeightFog Name:ExponentialHeightFog_UAID_047C16ED970DB55502_1500007129 Label:ExponentialHeightFog2 SpatiallyLoaded:0 Bounds:IsValid=true, Min=(X=-5600.000 Y=-50.000 Z=-12500.000), Max=(X=-5600.000 Y=-50.000 Z=-12500.000) RuntimeGrid:None EditorOnly:0 RuntimeOnly:0 HLODRelevant:0 ListedInSceneOutliner:1 IsMainWorldOnly:0 FolderPath:Lighting FolderGuid:0BA5F0A04EADB18E70D5B180D08FA34B
 |   |   |- [+] [ 47]
 |   |   |   |- Guid:EB20A2614B63DB63B7EF2B8A5A479A0F BaseClass: NativeClass:/Script/Engine.StaticMeshActor Name:StaticMeshActor_UAID_047C16ED970DB55502_1500015136 Label:SM_SkySphere2 SpatiallyLoaded:0 Bounds:IsValid=true, Min=(X=-1638400.000 Y=-1638400.000 Z=-1638400.000), Max=(X=1638400.000 Y=1638400.000 Z=1638400.000) RuntimeGrid:None EditorOnly:0 RuntimeOnly:0 HLODRelevant:0 ListedInSceneOutliner:1 IsMainWorldOnly:0 FolderPath:Lighting FolderGuid:0BA5F0A04EADB18E70D5B180D08FA34B
 |   |   |- [+] [ 48]
 |   |   |   |- Guid:EE66F4454A4A9F99393F559AB739C05E BaseClass:/Game/FirstPerson/Blueprints/BP_Pickup_Rifle.BP_Pickup_Rifle_C NativeClass:/Script/Engine.Actor Name:BP_Rifle_C_1 Label:BP_Pickup_Rifle SpatiallyLoaded:1 Bounds:IsValid=true, Min=(X=1070.703 Y=526.051 Z=17.398), Max=(X=1134.703 Y=628.991 Z=81.398) RuntimeGrid:None EditorOnly:0 RuntimeOnly:0 HLODRelevant:0 ListedInSceneOutliner:1 IsMainWorldOnly:0
 |   |   |- [+] [ 49]
 |   |   |   |- Guid:F191E86D4BBA4280E4C569A0A99A07E6 BaseClass: NativeClass:/Script/Engine.StaticMeshActor Name:StaticMeshActor_UAID_047C16ED970DF65702_1840178679 Label:road_no-gay14 SpatiallyLoaded:1 Bounds:IsValid=true, Min=(X=-1683.705 Y=3738.000 Z=-51.764), Max=(X=-989.781 Y=4633.572 Z=14.754) RuntimeGrid:None EditorOnly:0 RuntimeOnly:0 HLODRelevant:1 ListedInSceneOutliner:1 IsMainWorldOnly:0
 |   |   |- [+] [ 50]
 |   |   |   |- Guid:F20DB6D34A8CF62E093F8898064069AB BaseClass: NativeClass:/Script/Engine.StaticMeshActor Name:StaticMeshActor_UAID_047C16ED970DF65702_1466876675 Label:road_no-gay11 SpatiallyLoaded:1 Bounds:IsValid=true, Min=(X=1640.000 Y=5491.781 Z=-51.764), Max=(X=2535.572 Y=6185.705 Z=14.754) RuntimeGrid:None EditorOnly:0 RuntimeOnly:0 HLODRelevant:1 ListedInSceneOutliner:1 IsMainWorldOnly:0
 |   |   |- [+] [ 51]
 |   |   |   |- Guid:F54466BC429CE78B46B4D581DAD645CE BaseClass: NativeClass:/Script/NavigationSystem.NavMeshBoundsVolume Name:NavMeshBoundsVolume_UAID_2CF05DE454A0AD5602_1326099760 Label:NavMeshBoundsVolume SpatiallyLoaded:0 Bounds:IsValid=true, Min=(X=-6715.000 Y=-10185.000 Z=-555.000), Max=(X=8235.000 Y=10765.000 Z=495.000) RuntimeGrid:None EditorOnly:0 RuntimeOnly:0 HLODRelevant:0 ListedInSceneOutliner:1 IsMainWorldOnly:0
 |   |   |- [+] [ 52]
 |   |   |   |- Guid:F80621C9446867154938FE81375207DA BaseClass: NativeClass:/Script/Engine.DirectionalLight Name:DirectionalLight_1 Label:DirectionalLight SpatiallyLoaded:0 Bounds:Invalid RuntimeGrid:None EditorOnly:0 RuntimeOnly:0 HLODRelevant:0 ListedInSceneOutliner:1 IsMainWorldOnly:0 FolderPath:Lighting FolderGuid:0BA5F0A04EADB18E70D5B180D08FA34B
 |   |   |- [+] [ 53]
 |   |   |   |- Guid:FF9AD15A4243168DFF4E56B7334870B9 BaseClass: NativeClass:/Script/Engine.PlayerStart Name:PlayerStart_UAID_047C16ED970DB55502_1500013134 Label:PlayerStart2 SpatiallyLoaded:0 Bounds:IsValid=true, Min=(X=26.137 Y=540.066 Z=70.485), Max=(X=106.137 Y=620.066 Z=254.485) RuntimeGrid:None EditorOnly:0 RuntimeOnly:0 HLODRelevant:0 ListedInSceneOutliner:1 IsMainWorldOnly:0
 |- ContainerInstances:
 |- [+] MainContainer:
 |   |-        ID: 00000000000000000000000000000000
 |   |-  ParentID: 00000000000000000000000000000000
 |   |-    Bounds: IsValid=false, Min=(X=0.000 Y=0.000 Z=0.000), Max=(X=0.000 Y=0.000 Z=0.000)
 |   |- Transform: 0.000000,0.000000,0.000000|0.000000,0.000000,-0.000000|1.000000,1.000000,1.000000
 |   |- Container: /Game/FirstPerson/Maps/FirstPersonMap
----------------------------------------------------------------------------------------------------------------
FirstPersonMap - Persistent Level
----------------------------------------------------------------------------------------------------------------
[+] Content of FirstPersonMap Persistent Level
 |- Always loaded Actor Count: 54 
 |- Actor Path: /Game/FirstPerson/Maps/FirstPersonMap.FirstPersonMap:PersistentLevel.BP_enemy_C_UAID_2CF05DE454A0AD5602_1261589759
 |- Actor Package: /Game/__ExternalActors__/FirstPerson/Maps/FirstPersonMap/A/F1/DS7OQWHE1YU5DX2TIVG4F1
 |- Actor Path: /Game/FirstPerson/Maps/FirstPersonMap.FirstPersonMap:PersistentLevel.BP_Rifle_C_1
 |- Actor Package: /Game/__ExternalActors__/FirstPerson/Maps/FirstPersonMap/5/8C/EAHCBN229IT8APJO305AH5
 |- Actor Path: /Game/FirstPerson/Maps/FirstPersonMap.FirstPersonMap:PersistentLevel.ChaosDebugDrawActor_UAID_047C16ED970DB55502_1500006128
 |- Actor Package: /Game/__ExternalActors__/FirstPerson/Maps/FirstPersonMap/8/Y8/XGXFYK3ATQ7LT3OEXWYUJN
 |- Actor Path: /Game/FirstPerson/Maps/FirstPersonMap.FirstPersonMap:PersistentLevel.DirectionalLight_1
 |- Actor Package: /Game/__ExternalActors__/FirstPerson/Maps/FirstPersonMap/0/WB/V4ALNTJYOVWM8BU452CKV5
 |- Actor Path: /Game/FirstPerson/Maps/FirstPersonMap.FirstPersonMap:PersistentLevel.DirectionalLight_UAID_047C16ED970DB55502_1500010131
 |- Actor Package: /Game/__ExternalActors__/FirstPerson/Maps/FirstPersonMap/A/S2/KHLVCNR2W55LRQYVWX1PX7
 |- Actor Path: /Game/FirstPerson/Maps/FirstPersonMap.FirstPersonMap:PersistentLevel.ExponentialHeightFog_0
 |- Actor Package: /Game/__ExternalActors__/FirstPerson/Maps/FirstPersonMap/0/CL/381LM03PFI8AF9NED1SEV2
 |- Actor Path: /Game/FirstPerson/Maps/FirstPersonMap.FirstPersonMap:PersistentLevel.ExponentialHeightFog_UAID_047C16ED970DB55502_1500007129
 |- Actor Package: /Game/__ExternalActors__/FirstPerson/Maps/FirstPersonMap/B/F9/6RRKIJRGN8XIYJDEUVJB28
 |- Actor Path: /Game/FirstPerson/Maps/FirstPersonMap.FirstPersonMap:PersistentLevel.NavMeshBoundsVolume_UAID_2CF05DE454A0AD5602_1326099760
 |- Actor Package: /Game/__ExternalActors__/FirstPerson/Maps/FirstPersonMap/7/YF/HMGR0Z9O38VVUOU6846TWE
 |- Actor Path: /Game/FirstPerson/Maps/FirstPersonMap.FirstPersonMap:PersistentLevel.PlayerStart_0
 |- Actor Package: /Game/__ExternalActors__/FirstPerson/Maps/FirstPersonMap/8/Z7/W1SXRCM1KAKBJOIZDLHZ47
 |- Actor Path: /Game/FirstPerson/Maps/FirstPersonMap.FirstPersonMap:PersistentLevel.PlayerStart_UAID_047C16ED970DB55502_1500013134
 |- Actor Package: /Game/__ExternalActors__/FirstPerson/Maps/FirstPersonMap/6/1I/V9UMUGSF5XDKV5IX9JGQOB
 |- Actor Path: /Game/FirstPerson/Maps/FirstPersonMap.FirstPersonMap:PersistentLevel.PostProcessVolume_0
 |- Actor Package: /Game/__ExternalActors__/FirstPerson/Maps/FirstPersonMap/E/MX/R1GV431P5FDO08OFULRA01
 |- Actor Path: /Game/FirstPerson/Maps/FirstPersonMap.FirstPersonMap:PersistentLevel.PostProcessVolume_UAID_047C16ED970DB55502_1500016137
 |- Actor Package: /Game/__ExternalActors__/FirstPerson/Maps/FirstPersonMap/7/6V/IV0WO2OAXDEC2EXPV6X3FG
 |- Actor Path: /Game/FirstPerson/Maps/FirstPersonMap.FirstPersonMap:PersistentLevel.RecastNavMesh_UAID_2CF05DE454A0AD5602-Default
 |- Actor Package: /Game/__ExternalActors__/FirstPerson/Maps/FirstPersonMap/9/OL/DSQNAP87F369SS1THSBYHO
 |- Actor Path: /Game/FirstPerson/Maps/FirstPersonMap.FirstPersonMap:PersistentLevel.SkyAtmosphere_0
 |- Actor Package: /Game/__ExternalActors__/FirstPerson/Maps/FirstPersonMap/C/VO/VMN4G7K3NKKV6F8HTPHHDB
 |- Actor Path: /Game/FirstPerson/Maps/FirstPersonMap.FirstPersonMap:PersistentLevel.SkyAtmosphere_UAID_047C16ED970DB55502_1500014135
 |- Actor Package: /Game/__ExternalActors__/FirstPerson/Maps/FirstPersonMap/6/EM/CCG4CQA515VPFH6AJXB7SN
 |- Actor Path: /Game/FirstPerson/Maps/FirstPersonMap.FirstPersonMap:PersistentLevel.SkyLight_0
 |- Actor Package: /Game/__ExternalActors__/FirstPerson/Maps/FirstPersonMap/6/0Z/5RQIHCZ9W3UXRGL4LTLQAK
 |- Actor Path: /Game/FirstPerson/Maps/FirstPersonMap.FirstPersonMap:PersistentLevel.SkyLight_UAID_047C16ED970DB55502_1500011133
 |- Actor Package: /Game/__ExternalActors__/FirstPerson/Maps/FirstPersonMap/8/YJ/0BY6ZZFH5OK1TOU19CYJ27
 |- Actor Path: /Game/FirstPerson/Maps/FirstPersonMap.FirstPersonMap:PersistentLevel.StaticMeshActor_UAID_047C16ED970DB55502_1500015136
 |- Actor Package: /Game/__ExternalActors__/FirstPerson/Maps/FirstPersonMap/3/SU/QMX6W902T9BUB1BXG41366
 |- Actor Path: /Game/FirstPerson/Maps/FirstPersonMap.FirstPersonMap:PersistentLevel.StaticMeshActor_UAID_047C16ED970DB55502_1500016138
 |- Actor Package: /Game/__ExternalActors__/FirstPerson/Maps/FirstPersonMap/5/NJ/JYZD6YH4SYHQT8VKSXS4N2
 |- Actor Path: /Game/FirstPerson/Maps/FirstPersonMap.FirstPersonMap:PersistentLevel.StaticMeshActor_UAID_047C16ED970DB55502_1511178148
 |- Actor Package: /Game/__ExternalActors__/FirstPerson/Maps/FirstPersonMap/2/NL/0SBIPXPI97NGO5UXSFHQAX
 |- Actor Path: /Game/FirstPerson/Maps/FirstPersonMap.FirstPersonMap:PersistentLevel.StaticMeshActor_UAID_047C16ED970DF65702_1215312663
 |- Actor Package: /Game/__ExternalActors__/FirstPerson/Maps/FirstPersonMap/0/SZ/NDLDF2RJ00GQTEYEV654LD
 |- Actor Path: /Game/FirstPerson/Maps/FirstPersonMap.FirstPersonMap:PersistentLevel.StaticMeshActor_UAID_047C16ED970DF65702_1261194664
 |- Actor Package: /Game/__ExternalActors__/FirstPerson/Maps/FirstPersonMap/B/IM/FUI0AI3E8J2YQXM09O2XG8
 |- Actor Path: /Game/FirstPerson/Maps/FirstPersonMap.FirstPersonMap:PersistentLevel.StaticMeshActor_UAID_047C16ED970DF65702_1290242665
 |- Actor Package: /Game/__ExternalActors__/FirstPerson/Maps/FirstPersonMap/3/SX/JM7ZDS52095185ODOZK0F1
 |- Actor Path: /Game/FirstPerson/Maps/FirstPersonMap.FirstPersonMap:PersistentLevel.StaticMeshActor_UAID_047C16ED970DF65702_1290244666
 |- Actor Package: /Game/__ExternalActors__/FirstPerson/Maps/FirstPersonMap/3/FA/YREG75TLBX0QW5DMJJKU0M
 |- Actor Path: /Game/FirstPerson/Maps/FirstPersonMap.FirstPersonMap:PersistentLevel.StaticMeshActor_UAID_047C16ED970DF65702_1307345667
 |- Actor Package: /Game/__ExternalActors__/FirstPerson/Maps/FirstPersonMap/3/EG/04FW6LY47G9XGA9ZGHY31B
 |- Actor Path: /Game/FirstPerson/Maps/FirstPersonMap.FirstPersonMap:PersistentLevel.StaticMeshActor_UAID_047C16ED970DF65702_1307347668
 |- Actor Package: /Game/__ExternalActors__/FirstPerson/Maps/FirstPersonMap/C/H3/7DYXZJJHG9XZEBCSP40K66
 |- Actor Path: /Game/FirstPerson/Maps/FirstPersonMap.FirstPersonMap:PersistentLevel.StaticMeshActor_UAID_047C16ED970DF65702_1307348669
 |- Actor Package: /Game/__ExternalActors__/FirstPerson/Maps/FirstPersonMap/A/TM/0R74SPSWWLNUD2Q8CS73K0
 |- Actor Path: /Game/FirstPerson/Maps/FirstPersonMap.FirstPersonMap:PersistentLevel.StaticMeshActor_UAID_047C16ED970DF65702_1307348670
 |- Actor Package: /Game/__ExternalActors__/FirstPerson/Maps/FirstPersonMap/8/BP/OTQ9DFXV13DNM0MICPST33
 |- Actor Path: /Game/FirstPerson/Maps/FirstPersonMap.FirstPersonMap:PersistentLevel.StaticMeshActor_UAID_047C16ED970DF65702_1329589671
 |- Actor Package: /Game/__ExternalActors__/FirstPerson/Maps/FirstPersonMap/2/1F/7TEPBJP6E2BPFFO6KKA7T6
 |- Actor Path: /Game/FirstPerson/Maps/FirstPersonMap.FirstPersonMap:PersistentLevel.StaticMeshActor_UAID_047C16ED970DF65702_1351114673
 |- Actor Package: /Game/__ExternalActors__/FirstPerson/Maps/FirstPersonMap/6/RN/A0V7BK978CBVQXF6NBQ2ZV
 |- Actor Path: /Game/FirstPerson/Maps/FirstPersonMap.FirstPersonMap:PersistentLevel.StaticMeshActor_UAID_047C16ED970DF65702_1466875674
 |- Actor Package: /Game/__ExternalActors__/FirstPerson/Maps/FirstPersonMap/9/70/UTBMMZDOGBWI4490WPLO0H
 |- Actor Path: /Game/FirstPerson/Maps/FirstPersonMap.FirstPersonMap:PersistentLevel.StaticMeshActor_UAID_047C16ED970DF65702_1466876675
 |- Actor Package: /Game/__ExternalActors__/FirstPerson/Maps/FirstPersonMap/B/QB/6LCF5DMLZPADQ6PS4DNELF
 |- Actor Path: /Game/FirstPerson/Maps/FirstPersonMap.FirstPersonMap:PersistentLevel.StaticMeshActor_UAID_047C16ED970DF65702_1466876676
 |- Actor Package: /Game/__ExternalActors__/FirstPerson/Maps/FirstPersonMap/9/GE/J34LF3GROC6CS9DHVGSECO
 |- Actor Path: /Game/FirstPerson/Maps/FirstPersonMap.FirstPersonMap:PersistentLevel.StaticMeshActor_UAID_047C16ED970DF65702_1466876677
 |- Actor Package: /Game/__ExternalActors__/FirstPerson/Maps/FirstPersonMap/7/75/QY5RF52HRXZ5IDONFTBMUX
 |- Actor Path: /Game/FirstPerson/Maps/FirstPersonMap.FirstPersonMap:PersistentLevel.StaticMeshActor_UAID_047C16ED970DF65702_1597835678
 |- Actor Package: /Game/__ExternalActors__/FirstPerson/Maps/FirstPersonMap/3/OB/6VAHAVQ42SIWPU3U5W34GN
 |- Actor Path: /Game/FirstPerson/Maps/FirstPersonMap.FirstPersonMap:PersistentLevel.StaticMeshActor_UAID_047C16ED970DF65702_1840178679
 |- Actor Package: /Game/__ExternalActors__/FirstPerson/Maps/FirstPersonMap/0/4T/ER8IHMEMF01R904G15T4X2
 |- Actor Path: /Game/FirstPerson/Maps/FirstPersonMap.FirstPersonMap:PersistentLevel.StaticMeshActor_UAID_047C16ED970DF65702_1840181680
 |- Actor Package: /Game/__ExternalActors__/FirstPerson/Maps/FirstPersonMap/D/6N/PQIWMNQ0J66LQ6OSHX3YD4
 |- Actor Path: /Game/FirstPerson/Maps/FirstPersonMap.FirstPersonMap:PersistentLevel.StaticMeshActor_UAID_047C16ED970DF65702_1840181681
 |- Actor Package: /Game/__ExternalActors__/FirstPerson/Maps/FirstPersonMap/D/7J/V14AYYIDGSE210SBS5J5AJ
 |- Actor Path: /Game/FirstPerson/Maps/FirstPersonMap.FirstPersonMap:PersistentLevel.StaticMeshActor_UAID_047C16ED970DF65702_1840181682
 |- Actor Package: /Game/__ExternalActors__/FirstPerson/Maps/FirstPersonMap/0/Q5/1R3P62IXX6T5UGUF62CX3F
 |- Actor Path: /Game/FirstPerson/Maps/FirstPersonMap.FirstPersonMap:PersistentLevel.StaticMeshActor_UAID_047C16ED970DF65702_1840181683
 |- Actor Package: /Game/__ExternalActors__/FirstPerson/Maps/FirstPersonMap/D/AJ/MNK94J08B11039ZUVJZ14Z
 |- Actor Path: /Game/FirstPerson/Maps/FirstPersonMap.FirstPersonMap:PersistentLevel.StaticMeshActor_UAID_047C16ED970DF65702_1840183684
 |- Actor Package: /Game/__ExternalActors__/FirstPerson/Maps/FirstPersonMap/6/BQ/UHQ026666Q1UNEHL75ESI9
 |- Actor Path: /Game/FirstPerson/Maps/FirstPersonMap.FirstPersonMap:PersistentLevel.StaticMeshActor_UAID_047C16ED970DF65702_1840183685
 |- Actor Package: /Game/__ExternalActors__/FirstPerson/Maps/FirstPersonMap/7/BH/SO82VZX0SX7GF4ELL8BS55
 |- Actor Path: /Game/FirstPerson/Maps/FirstPersonMap.FirstPersonMap:PersistentLevel.StaticMeshActor_UAID_047C16ED970DF65702_1840183686
 |- Actor Package: /Game/__ExternalActors__/FirstPerson/Maps/FirstPersonMap/3/DP/SG234EDLACLEBD8XZAG0IZ
 |- Actor Path: /Game/FirstPerson/Maps/FirstPersonMap.FirstPersonMap:PersistentLevel.StaticMeshActor_UAID_047C16ED970DF65702_1840183687
 |- Actor Package: /Game/__ExternalActors__/FirstPerson/Maps/FirstPersonMap/3/KI/5OSK7L7F4N2L3DUOICRLNO
 |- Actor Path: /Game/FirstPerson/Maps/FirstPersonMap.FirstPersonMap:PersistentLevel.StaticMeshActor_UAID_047C16ED970DF65702_1840184688
 |- Actor Package: /Game/__ExternalActors__/FirstPerson/Maps/FirstPersonMap/3/TJ/ETE07RR9ZY0Z3ZPVNTOGM8
 |- Actor Path: /Game/FirstPerson/Maps/FirstPersonMap.FirstPersonMap:PersistentLevel.StaticMeshActor_UAID_047C16ED970DF65702_1840184689
 |- Actor Package: /Game/__ExternalActors__/FirstPerson/Maps/FirstPersonMap/6/5W/V7ISBFCLQALKXTH5UBO2ZH
 |- Actor Path: /Game/FirstPerson/Maps/FirstPersonMap.FirstPersonMap:PersistentLevel.StaticMeshActor_UAID_047C16ED970DF65702_1840184690
 |- Actor Package: /Game/__ExternalActors__/FirstPerson/Maps/FirstPersonMap/9/UF/Y6W2M52UJTZZCWQGGPD4EG
 |- Actor Path: /Game/FirstPerson/Maps/FirstPersonMap.FirstPersonMap:PersistentLevel.StaticMeshActor_UAID_047C16ED970DF65702_1840184691
 |- Actor Package: /Game/__ExternalActors__/FirstPerson/Maps/FirstPersonMap/5/2I/OSSKWNPZPKX2V1TWTF47X4
 |- Actor Path: /Game/FirstPerson/Maps/FirstPersonMap.FirstPersonMap:PersistentLevel.StaticMeshActor_UAID_047C16ED970DF65702_1840186692
 |- Actor Package: /Game/__ExternalActors__/FirstPerson/Maps/FirstPersonMap/6/K9/VCUIDBDM0IRLTU72BXFUP1
 |- Actor Path: /Game/FirstPerson/Maps/FirstPersonMap.FirstPersonMap:PersistentLevel.StaticMeshActor_UAID_047C16ED970DF65702_1840186693
 |- Actor Package: /Game/__ExternalActors__/FirstPerson/Maps/FirstPersonMap/5/4A/ZE131YSBMRWLSWBLXKVFPB
 |- Actor Path: /Game/FirstPerson/Maps/FirstPersonMap.FirstPersonMap:PersistentLevel.StaticMeshActor_UAID_A4AE111137DC5EFB00_2001720423
 |- Actor Package: /Game/__ExternalActors__/FirstPerson/Maps/FirstPersonMap/C/ZU/PDQ0AB8RLNMVID876FD49G
 |- Actor Path: /Game/FirstPerson/Maps/FirstPersonMap.FirstPersonMap:PersistentLevel.VolumetricCloud_0
 |- Actor Package: /Game/__ExternalActors__/FirstPerson/Maps/FirstPersonMap/0/GO/I8WEFD3RY9V3NVQLSU6QM4
 |- Actor Path: /Game/FirstPerson/Maps/FirstPersonMap.FirstPersonMap:PersistentLevel.VolumetricCloud_UAID_047C16ED970DB55502_1500008130
 |- Actor Package: /Game/__ExternalActors__/FirstPerson/Maps/FirstPersonMap/C/WX/20KWABLAT8T4LBOQ3HYEUA
 |- Actor Path: /Game/FirstPerson/Maps/FirstPersonMap.FirstPersonMap:PersistentLevel.WorldDataLayers
 |- Actor Package: /Game/__ExternalActors__/FirstPerson/Maps/FirstPersonMap/D/0W/E1FKEGVKGOLM7HGLQPCIPO

----------------------------------------------------------------------------------------------------------------
FirstPersonMap - Runtime Hash Set
----------------------------------------------------------------------------------------------------------------

